###############################################################################
#                                                                             #
# IAR C/C++ Compiler V8.10.3.10338/W32 for 8051         25/Nov/2017  22:13:49 #
# Copyright 2004-2011 IAR Systems AB.                                         #
#                                                                             #
#    Core               =  plain                                              #
#    Code model         =  banked                                             #
#    Data model         =  large                                              #
#    Calling convention =  xdata reentrant                                    #
#    Constant location  =  data_rom                                           #
#    Dptr setup         =  1,16                                               #
#    Source file        =  D:\FileInstall\ZStack-CC2530-2.5.1a_GreenRoom\Proj #
#                          ects\zstack\Samples\GreenClassroom_NetWork         #
#                          2.1\Source\hal_drivers.c                           #
#    Command line       =  -f "D:\FileInstall\ZStack-CC2530-2.5.1a_GreenRoom\ #
#                          Projects\zstack\Samples\GreenClassroom_NetWork     #
#                          2.1\CC2530DB\..\..\..\Tools\CC2530DB\f8wEndev.cfg" #
#                           (-DCPU32MHZ -DROOT=__near_func                    #
#                          -DMAC_CFG_TX_DATA_MAX=3 -DMAC_CFG_TX_MAX=6         #
#                          -DMAC_CFG_RX_MAX=3) -f "D:\FileInstall\ZStack-CC25 #
#                          30-2.5.1a_GreenRoom\Projects\zstack\Samples\GreenC #
#                          lassroom_NetWork 2.1\CC2530DB\..\..\..\Tools\CC253 #
#                          0DB\f8wConfig.cfg" (-DZIGBEEPRO -DSECURE=0         #
#                          -DZG_SECURE_DYNAMIC=0 -DREFLECTOR                  #
#                          -DDEFAULT_CHANLIST=0x00000800                      #
#                          -DZDAPP_CONFIG_PAN_ID=0xFFFF                       #
#                          -DNWK_START_DELAY=100 -DEXTENDED_JOINING_RANDOM_MA #
#                          SK=0x007F -DBEACON_REQUEST_DELAY=100               #
#                          -DBEACON_REQ_DELAY_MASK=0x00FF                     #
#                          -DLINK_STATUS_JITTER_MASK=0x007F                   #
#                          -DROUTE_EXPIRY_TIME=30 -DAPSC_ACK_WAIT_DURATION_PO #
#                          LLED=3000 -DNWK_INDIRECT_MSG_TIMEOUT=7             #
#                          -DMAX_RREQ_ENTRIES=8 -DAPSC_MAX_FRAME_RETRIES=3    #
#                          -DNWK_MAX_DATA_RETRIES=2                           #
#                          -DMAX_POLL_FAILURE_RETRIES=2 -DMAX_BCAST=9         #
#                          -DAPS_MAX_GROUPS=16 -DMAX_RTG_ENTRIES=40           #
#                          -DNWK_MAX_BINDING_ENTRIES=4                        #
#                          -DMAX_BINDING_CLUSTER_IDS=4 "-DDEFAULT_KEY={0x01,  #
#                          0x03, 0x05, 0x07, 0x09, 0x0B, 0x0D, 0x0F, 0x00,    #
#                          0x02, 0x04, 0x06, 0x08, 0x0A, 0x0C, 0x0D}"         #
#                          -DMAC_MAX_FRAME_SIZE=116                           #
#                          -DZDNWKMGR_MIN_TRANSMISSIONS=20 "-DCONST=const     #
#                          __code" -DGENERIC=__generic                        #
#                          -DRFD_RCVC_ALWAYS_ON=FALSE -DPOLL_RATE=1000        #
#                          -DQUEUED_POLL_RATE=100 -DRESPONSE_POLL_RATE=100)   #
#                          -DREJOIN_POLL_RATE=440 "D:\FileInstall\ZStack-CC25 #
#                          30-2.5.1a_GreenRoom\Projects\zstack\Samples\GreenC #
#                          lassroom_NetWork 2.1\Source\hal_drivers.c" -D      #
#                          NWK_AUTO_POLL -D ZTOOL_P1 -D MT_TASK -D            #
#                          MT_SYS_FUNC -D MT_ZDO_FUNC -D LCD_SUPPORTED=DEBUG  #
#                          -D xPOWER_SAVING -lC "D:\FileInstall\ZStack-CC2530 #
#                          -2.5.1a_GreenRoom\Projects\zstack\Samples\GreenCla #
#                          ssroom_NetWork 2.1\CC2530DB\EndDeviceEB\List\"     #
#                          -lA "D:\FileInstall\ZStack-CC2530-2.5.1a_GreenRoom #
#                          \Projects\zstack\Samples\GreenClassroom_NetWork    #
#                          2.1\CC2530DB\EndDeviceEB\List\" --diag_suppress    #
#                          Pe001,Pa010 -o "D:\FileInstall\ZStack-CC2530-2.5.1 #
#                          a_GreenRoom\Projects\zstack\Samples\GreenClassroom #
#                          _NetWork 2.1\CC2530DB\EndDeviceEB\Obj\" -e         #
#                          --no_code_motion --debug --core=plain --dptr=16,1  #
#                          --data_model=large --code_model=banked             #
#                          --calling_convention=xdata_reentrant               #
#                          --place_constants=data_rom --nr_virtual_regs 16    #
#                          -I "D:\FileInstall\ZStack-CC2530-2.5.1a_GreenRoom\ #
#                          Projects\zstack\Samples\GreenClassroom_NetWork     #
#                          2.1\CC2530DB\" -I "D:\FileInstall\ZStack-CC2530-2. #
#                          5.1a_GreenRoom\Projects\zstack\Samples\GreenClassr #
#                          oom_NetWork 2.1\CC2530DB\..\Source\" -I            #
#                          "D:\FileInstall\ZStack-CC2530-2.5.1a_GreenRoom\Pro #
#                          jects\zstack\Samples\GreenClassroom_NetWork        #
#                          2.1\CC2530DB\..\..\..\ZMain\TI2530DB\" -I          #
#                          "D:\FileInstall\ZStack-CC2530-2.5.1a_GreenRoom\Pro #
#                          jects\zstack\Samples\GreenClassroom_NetWork        #
#                          2.1\CC2530DB\..\..\..\..\..\Components\hal\include #
#                          \" -I "D:\FileInstall\ZStack-CC2530-2.5.1a_GreenRo #
#                          om\Projects\zstack\Samples\GreenClassroom_NetWork  #
#                          2.1\CC2530DB\..\..\..\..\..\Components\hal\target\ #
#                          CC2530EB\" -I "D:\FileInstall\ZStack-CC2530-2.5.1a #
#                          _GreenRoom\Projects\zstack\Samples\GreenClassroom_ #
#                          NetWork 2.1\CC2530DB\..\..\..\..\..\Components\mac #
#                          \include\" -I "D:\FileInstall\ZStack-CC2530-2.5.1a #
#                          _GreenRoom\Projects\zstack\Samples\GreenClassroom_ #
#                          NetWork 2.1\CC2530DB\..\..\..\..\..\Components\mac #
#                          \high_level\" -I "D:\FileInstall\ZStack-CC2530-2.5 #
#                          .1a_GreenRoom\Projects\zstack\Samples\GreenClassro #
#                          om_NetWork 2.1\CC2530DB\..\..\..\..\..\Components\ #
#                          mac\low_level\srf04\" -I                           #
#                          "D:\FileInstall\ZStack-CC2530-2.5.1a_GreenRoom\Pro #
#                          jects\zstack\Samples\GreenClassroom_NetWork        #
#                          2.1\CC2530DB\..\..\..\..\..\Components\mac\low_lev #
#                          el\srf04\single_chip\" -I                          #
#                          "D:\FileInstall\ZStack-CC2530-2.5.1a_GreenRoom\Pro #
#                          jects\zstack\Samples\GreenClassroom_NetWork        #
#                          2.1\CC2530DB\..\..\..\..\..\Components\mt\" -I     #
#                          "D:\FileInstall\ZStack-CC2530-2.5.1a_GreenRoom\Pro #
#                          jects\zstack\Samples\GreenClassroom_NetWork        #
#                          2.1\CC2530DB\..\..\..\..\..\Components\osal\includ #
#                          e\" -I "D:\FileInstall\ZStack-CC2530-2.5.1a_GreenR #
#                          oom\Projects\zstack\Samples\GreenClassroom_NetWork #
#                           2.1\CC2530DB\..\..\..\..\..\Components\services\s #
#                          addr\" -I "D:\FileInstall\ZStack-CC2530-2.5.1a_Gre #
#                          enRoom\Projects\zstack\Samples\GreenClassroom_NetW #
#                          ork 2.1\CC2530DB\..\..\..\..\..\Components\service #
#                          s\sdata\" -I "D:\FileInstall\ZStack-CC2530-2.5.1a_ #
#                          GreenRoom\Projects\zstack\Samples\GreenClassroom_N #
#                          etWork 2.1\CC2530DB\..\..\..\..\..\Components\stac #
#                          k\af\" -I "D:\FileInstall\ZStack-CC2530-2.5.1a_Gre #
#                          enRoom\Projects\zstack\Samples\GreenClassroom_NetW #
#                          ork 2.1\CC2530DB\..\..\..\..\..\Components\stack\n #
#                          wk\" -I "D:\FileInstall\ZStack-CC2530-2.5.1a_Green #
#                          Room\Projects\zstack\Samples\GreenClassroom_NetWor #
#                          k 2.1\CC2530DB\..\..\..\..\..\Components\stack\sap #
#                          i\" -I "D:\FileInstall\ZStack-CC2530-2.5.1a_GreenR #
#                          oom\Projects\zstack\Samples\GreenClassroom_NetWork #
#                           2.1\CC2530DB\..\..\..\..\..\Components\stack\sec\ #
#                          " -I "D:\FileInstall\ZStack-CC2530-2.5.1a_GreenRoo #
#                          m\Projects\zstack\Samples\GreenClassroom_NetWork   #
#                          2.1\CC2530DB\..\..\..\..\..\Components\stack\sys\" #
#                           -I "D:\FileInstall\ZStack-CC2530-2.5.1a_GreenRoom #
#                          \Projects\zstack\Samples\GreenClassroom_NetWork    #
#                          2.1\CC2530DB\..\..\..\..\..\Components\stack\zdo\" #
#                           -I "D:\FileInstall\ZStack-CC2530-2.5.1a_GreenRoom #
#                          \Projects\zstack\Samples\GreenClassroom_NetWork    #
#                          2.1\CC2530DB\..\..\..\..\..\Components\zmac\" -I   #
#                          "D:\FileInstall\ZStack-CC2530-2.5.1a_GreenRoom\Pro #
#                          jects\zstack\Samples\GreenClassroom_NetWork        #
#                          2.1\CC2530DB\..\..\..\..\..\Components\zmac\f8w\"  #
#                          -Ohz --require_prototypes                          #
#    List file          =  D:\FileInstall\ZStack-CC2530-2.5.1a_GreenRoom\Proj #
#                          ects\zstack\Samples\GreenClassroom_NetWork         #
#                          2.1\CC2530DB\EndDeviceEB\List\hal_drivers.lst      #
#    Object file        =  D:\FileInstall\ZStack-CC2530-2.5.1a_GreenRoom\Proj #
#                          ects\zstack\Samples\GreenClassroom_NetWork         #
#                          2.1\CC2530DB\EndDeviceEB\Obj\hal_drivers.r51       #
#                                                                             #
#                                                                             #
###############################################################################

D:\FileInstall\ZStack-CC2530-2.5.1a_GreenRoom\Projects\zstack\Samples\GreenClassroom_NetWork 2.1\Source\hal_drivers.c
      1          /**************************************************************************************************
      2            Filename:       hal_drivers.c
      3            Revised:        $Date: 2007-07-06 10:42:24 -0700 (Fri, 06 Jul 2007) $
      4            Revision:       $Revision: 13579 $
      5          
      6            Description:    This file contains the interface to the Drivers Service.
      7          
      8          
      9            Copyright 2005-2010 Texas Instruments Incorporated. All rights reserved.
     10          
     11            IMPORTANT: Your use of this Software is limited to those specific rights
     12            granted under the terms of a software license agreement between the user
     13            who downloaded the software, his/her employer (which must be your employer)
     14            and Texas Instruments Incorporated (the "License").  You may not use this
     15            Software unless you agree to abide by the terms of the License. The License
     16            limits your use, and you acknowledge, that the Software may not be modified,
     17            copied or distributed unless embedded on a Texas Instruments microcontroller
     18            or used solely and exclusively in conjunction with a Texas Instruments radio
     19            frequency transceiver, which is integrated into your product.  Other than for
     20            the foregoing purpose, you may not use, reproduce, copy, prepare derivative
     21            works of, modify, distribute, perform, display or sell this Software and/or
     22            its documentation for any purpose.
     23          
     24            YOU FURTHER ACKNOWLEDGE AND AGREE THAT THE SOFTWARE AND DOCUMENTATION ARE
     25            PROVIDED 揂S IS?WITHOUT WARRANTY OF ANY KIND, EITHER EXPRESS OR IMPLIED,
     26            INCLUDING WITHOUT LIMITATION, ANY WARRANTY OF MERCHANTABILITY, TITLE,
     27            NON-INFRINGEMENT AND FITNESS FOR A PARTICULAR PURPOSE. IN NO EVENT SHALL
     28            TEXAS INSTRUMENTS OR ITS LICENSORS BE LIABLE OR OBLIGATED UNDER CONTRACT,
     29            NEGLIGENCE, STRICT LIABILITY, CONTRIBUTION, BREACH OF WARRANTY, OR OTHER
     30            LEGAL EQUITABLE THEORY ANY DIRECT OR INDIRECT DAMAGES OR EXPENSES
     31            INCLUDING BUT NOT LIMITED TO ANY INCIDENTAL, SPECIAL, INDIRECT, PUNITIVE
     32            OR CONSEQUENTIAL DAMAGES, LOST PROFITS OR LOST DATA, COST OF PROCUREMENT
     33            OF SUBSTITUTE GOODS, TECHNOLOGY, SERVICES, OR ANY CLAIMS BY THIRD PARTIES
     34            (INCLUDING BUT NOT LIMITED TO ANY DEFENSE THEREOF), OR OTHER SIMILAR COSTS.
     35          
     36            Should you have any questions regarding your right to use this Software,
     37            contact Texas Instruments Incorporated at www.TI.com.
     38          **************************************************************************************************/
     39          
     40          
     41          /**************************************************************************************************
     42           *                                            INCLUDES
     43           **************************************************************************************************/
     44          #include "hal_types.h"
     45          #include "OSAL.h"
     46          #include "hal_drivers.h"
     47          #include "hal_adc.h"
     48          #if (defined HAL_DMA) && (HAL_DMA == TRUE)
     49            #include "hal_dma.h"
     50          #endif
     51          #include "hal_key.h"
     52          #include "hal_lcd.h"
     53          #include "hal_led.h"
     54          #include "hal_timer.h"
     55          #include "hal_uart.h"
     56          #include "hal_sleep.h"
     57          #include "hal_step_motor.h"
     58          #include "hal_body_detect.h"
     59          #include "hal_light_detect.h"
     60          #include "hal_switch_detect.h"
     61          
     62          #if (defined HAL_AES) && (HAL_AES == TRUE)
     63            #include "hal_aes.h"
     64          #endif
     65          
     66          #if (defined HAL_SPI) && (HAL_SPI == TRUE)
     67            #include "hal_spi.h"
     68          #endif
     69          #if (defined HAL_HID) && (HAL_HID == TRUE)
     70            #include "usb_hid.h"
     71          #endif
     72          
     73          #ifdef CC2591_COMPRESSION_WORKAROUND
     74            #include "mac_rx.h"
     75          #endif
     76          
     77          /**************************************************************************************************
     78           *                                            MACROS
     79           **************************************************************************************************/
     80          
     81          
     82          
     83          /**************************************************************************************************
     84           *                                          CONSTANTS
     85           **************************************************************************************************/
     86          
     87          
     88          /**************************************************************************************************
     89           *                                          TYPEDEFS
     90           **************************************************************************************************/
     91          
     92          
     93          /**************************************************************************************************
     94           *                                      GLOBAL VARIABLES
     95           **************************************************************************************************/

   \                                 In  segment XDATA_Z, align 1, keep-with-next
     96          uint8 Hal_TaskID;
   \                     Hal_TaskID:
   \   000000                DS 1
   \   000001                REQUIRE __INIT_XDATA_Z
     97          
     98          extern void HalLedUpdate( void ); /* Notes: This for internal only so it shouldn't be in hal_led.h */
     99          
    100          /**************************************************************************************************
    101           *                                      FUNCTIONS - API
    102           **************************************************************************************************/
    103          
    104          /**************************************************************************************************
    105           * @fn      Hal_Init
    106           *
    107           * @brief   Hal Initialization function.
    108           *
    109           * @param   task_id - Hal TaskId
    110           *
    111           * @return  None
    112           **************************************************************************************************/

   \                                 In  segment BANKED_CODE, align 1, keep-with-next
    113          void Hal_Init( uint8 task_id )
   \                     Hal_Init:
    114          {
   \   000000   C082         PUSH    DPL
   \   000002   C083         PUSH    DPH
   \   000004                ; Saved register size: 2
   \   000004                ; Auto size: 0
    115            /* Register task ID */
    116            Hal_TaskID = task_id;
   \   000004   E9           MOV     A,R1
   \   000005   90....       MOV     DPTR,#Hal_TaskID
   \   000008   F0           MOVX    @DPTR,A
    117            
    118          #ifdef CC2591_COMPRESSION_WORKAROUND  
    119            osal_start_reload_timer( Hal_TaskID, PERIOD_RSSI_RESET_EVT, PERIOD_RSSI_RESET_TIMEOUT );
    120          #endif  
    121          }
   \   000009                REQUIRE ?Subroutine0
   \   000009                ; // Fall through to label ?Subroutine0

   \                                 In  segment BANKED_CODE, align 1, keep-with-next
   \                     ?Subroutine0:
   \   000000   D083         POP     DPH
   \   000002   D082         POP     DPL
   \   000004   02....       LJMP    ?BRET
    122          
    123          /**************************************************************************************************
    124           * @fn      Hal_DriverInit
    125           *
    126           * @brief   Initialize HW - These need to be initialized before anyone.
    127           *
    128           * @param   task_id - Hal TaskId
    129           *
    130           * @return  None
    131           **************************************************************************************************/

   \                                 In  segment BANKED_CODE, align 1, keep-with-next
    132          void HalDriverInit (void)
   \                     HalDriverInit:
    133          {
   \   000000   C082         PUSH    DPL
   \   000002   C083         PUSH    DPH
   \   000004                ; Saved register size: 2
   \   000004                ; Auto size: 0
    134            /* TIMER */
    135          #if (defined HAL_TIMER) && (HAL_TIMER == TRUE)
    136            #error "The hal timer driver module is removed."
    137          #endif
    138          
    139            /* ADC */
    140          #if (defined HAL_ADC) && (HAL_ADC == TRUE)
    141            HalAdcInit();
   \   000004                ; Setup parameters for call to function HalAdcInit
   \   000004   12....       LCALL   ??HalAdcInit?relay
    142          #endif
    143          
    144            /* DMA */
    145          #if (defined HAL_DMA) && (HAL_DMA == TRUE)
    146            // Must be called before the init call to any module that uses DMA.
    147            HalDmaInit();
   \   000007                ; Setup parameters for call to function HalDmaInit
   \   000007   12....       LCALL   ??HalDmaInit?relay
    148          #endif
    149          
    150            /* AES */
    151          #if (defined HAL_AES) && (HAL_AES == TRUE)
    152            HalAesInit();
   \   00000A                ; Setup parameters for call to function HalAesInit
   \   00000A   12....       LCALL   ??HalAesInit?relay
    153          #endif
    154          
    155            /* LCD */
    156          #if (defined HAL_LCD) && (HAL_LCD == TRUE)
    157            HalLcdInit();
   \   00000D                ; Setup parameters for call to function HalLcdInit
   \   00000D   12....       LCALL   ??HalLcdInit?relay
    158          #endif
    159          
    160            /* LED */
    161          #if (defined HAL_LED) && (HAL_LED == TRUE)
    162            HalLedInit();
   \   000010                ; Setup parameters for call to function HalLedInit
   \   000010   12....       LCALL   ??HalLedInit?relay
    163          #endif
    164          
    165            /* UART */
    166          #if (defined HAL_UART) && (HAL_UART == TRUE)
    167            HalUARTInit();
   \   000013                ; Setup parameters for call to function HalUARTInit
   \   000013   12....       LCALL   ??HalUARTInit?relay
    168          #endif
    169          
    170            /* KEY */
    171          #if (defined HAL_KEY) && (HAL_KEY == TRUE)
    172            HalKeyInit();
   \   000016                ; Setup parameters for call to function HalKeyInit
   \   000016   12....       LCALL   ??HalKeyInit?relay
    173          #endif
    174          
    175            /* SPI */
    176          #if (defined HAL_SPI) && (HAL_SPI == TRUE)
    177            HalSpiInit();
    178          #endif
    179          
    180            /* HID */
    181          #if (defined HAL_HID) && (HAL_HID == TRUE)
    182            usbHidInit();
    183          #endif
    184              hal_step_motor_init();    
   \   000019                ; Setup parameters for call to function hal_step_motor_init
   \   000019   12....       LCALL   ??hal_step_motor_init?relay
    185              hal_body_detect_init(); 
   \   00001C                ; Setup parameters for call to function hal_body_detect_init
   \   00001C   12....       LCALL   ??hal_body_detect_init?relay
    186              hal_light_detect_init();
   \   00001F                ; Setup parameters for call to function hal_light_detect_init
   \   00001F   12....       LCALL   ??hal_light_detect_init?relay
    187              hal_switch_detect_init();
   \   000022                ; Setup parameters for call to function hal_switch_detect_init
   \   000022   12....       LCALL   ??hal_switch_detect_init?relay
    188          }
   \   000025   80..         SJMP    ?Subroutine0
    189          
    190          
    191          /**************************************************************************************************
    192           * @fn      Hal_ProcessEvent
    193           *
    194           * @brief   Hal Process Event
    195           *
    196           * @param   task_id - Hal TaskId
    197           *          events - events
    198           *
    199           * @return  None
    200           **************************************************************************************************/

   \                                 In  segment BANKED_CODE, align 1, keep-with-next
    201          uint16 Hal_ProcessEvent( uint8 task_id, uint16 events )
   \                     Hal_ProcessEvent:
    202          {
   \   000000   74F6         MOV     A,#-0xa
   \   000002   12....       LCALL   ?BANKED_ENTER_XDATA
   \   000005                ; Saved register size: 10
   \   000005                ; Auto size: 0
   \   000005   EA           MOV     A,R2
   \   000006   FE           MOV     R6,A
   \   000007   EB           MOV     A,R3
   \   000008   FF           MOV     R7,A
    203            uint8 *msgPtr;
    204            
    205            (void)task_id;  // Intentionally unreferenced parameter
    206          
    207            if ( events & SYS_EVENT_MSG )
   \   000009   5480         ANL     A,#0x80
   \   00000B   601A         JZ      ??Hal_ProcessEvent_0
    208            {
    209              msgPtr = osal_msg_receive(Hal_TaskID);
   \   00000D                ; Setup parameters for call to function osal_msg_receive
   \   00000D   8003         SJMP    ??Hal_ProcessEvent_1
    210          
    211              while (msgPtr)
    212              {
    213                /* Do something here - for now, just deallocate the msg and move on */
    214          
    215                /* De-allocate */
    216                osal_msg_deallocate( msgPtr );
   \                     ??Hal_ProcessEvent_2:
   \   00000F                ; Setup parameters for call to function osal_msg_deallocate
   \   00000F   12....       LCALL   ??osal_msg_deallocate?relay
    217                /* Next */
    218                msgPtr = osal_msg_receive( Hal_TaskID );
   \   000012                ; Setup parameters for call to function osal_msg_receive
   \                     ??Hal_ProcessEvent_1:
   \   000012   90....       MOV     DPTR,#Hal_TaskID
   \   000015   E0           MOVX    A,@DPTR
   \   000016   F9           MOV     R1,A
   \   000017   12....       LCALL   ??osal_msg_receive?relay
    219              }
   \   00001A   EA           MOV     A,R2
   \   00001B   4B           ORL     A,R3
   \   00001C   70F1         JNZ     ??Hal_ProcessEvent_2
    220              return events ^ SYS_EVENT_MSG;
   \   00001E   EE           MOV     A,R6
   \   00001F   FA           MOV     R2,A
   \   000020   EF           MOV     A,R7
   \   000021   6480         XRL     A,#0x80
   \                     ??Hal_ProcessEvent_3:
   \   000023   FB           MOV     R3,A
   \   000024   02....       LJMP    ??Hal_ProcessEvent_4 & 0xFFFF
    221            }
    222          
    223            if ( events & HAL_LED_BLINK_EVENT )
   \                     ??Hal_ProcessEvent_0:
   \   000027   EE           MOV     A,R6
   \   000028   5402         ANL     A,#0x2
   \   00002A   600A         JZ      ??Hal_ProcessEvent_5
    224            {
    225          #if (defined (BLINK_LEDS)) && (HAL_LED == TRUE)
    226              HalLedUpdate();
   \   00002C                ; Setup parameters for call to function HalLedUpdate
   \   00002C   12....       LCALL   ??HalLedUpdate?relay
    227          #endif /* BLINK_LEDS && HAL_LED */
    228              return events ^ HAL_LED_BLINK_EVENT;
   \   00002F   EE           MOV     A,R6
   \   000030   6402         XRL     A,#0x2
   \                     ??Hal_ProcessEvent_6:
   \   000032   FA           MOV     R2,A
   \   000033   EF           MOV     A,R7
   \   000034   80ED         SJMP    ??Hal_ProcessEvent_3
    229            }
    230          
    231            if (events & HAL_KEY_EVENT)
   \                     ??Hal_ProcessEvent_5:
   \   000036   EE           MOV     A,R6
   \   000037   A2E0         MOV     C,0xE0 /* A   */.0
   \   000039   501E         JNC     ??Hal_ProcessEvent_7
    232            {
    233          
    234          #if (defined HAL_KEY) && (HAL_KEY == TRUE)
    235              /* Check for keys */
    236              HalKeyPoll();
   \   00003B                ; Setup parameters for call to function HalKeyPoll
   \   00003B   12....       LCALL   ??HalKeyPoll?relay
    237          
    238              /* if interrupt disabled, do next polling */
    239              if (!Hal_KeyIntEnable)
   \   00003E   90....       MOV     DPTR,#Hal_KeyIntEnable
   \   000041   E0           MOVX    A,@DPTR
   \   000042   7010         JNZ     ??Hal_ProcessEvent_8
    240              {
    241                osal_start_timerEx( Hal_TaskID, HAL_KEY_EVENT, 100);
   \   000044                ; Setup parameters for call to function osal_start_timerEx
   \   000044   7C64         MOV     R4,#0x64
   \   000046   7D00         MOV     R5,#0x0
   \   000048   7A01         MOV     R2,#0x1
   \   00004A   7B00         MOV     R3,#0x0
   \   00004C   90....       MOV     DPTR,#Hal_TaskID
   \   00004F   E0           MOVX    A,@DPTR
   \   000050   F9           MOV     R1,A
   \   000051   12....       LCALL   ??osal_start_timerEx?relay
    242              }
    243          #endif // HAL_KEY
    244          
    245              return events ^ HAL_KEY_EVENT;
   \                     ??Hal_ProcessEvent_8:
   \   000054   EE           MOV     A,R6
   \   000055   6401         XRL     A,#0x1
   \   000057   80D9         SJMP    ??Hal_ProcessEvent_6
    246            }
    247          
    248          #ifdef POWER_SAVING
    249            if ( events & HAL_SLEEP_TIMER_EVENT )
    250            {
    251              halRestoreSleepLevel();
    252              return events ^ HAL_SLEEP_TIMER_EVENT;
    253            }
    254          #endif
    255          
    256          #ifdef CC2591_COMPRESSION_WORKAROUND
    257            if ( events & PERIOD_RSSI_RESET_EVT )
    258            {
    259              macRxResetRssi();
    260              return (events ^ PERIOD_RSSI_RESET_EVT);
    261            }
    262          #endif  
    263             if ( events & HAL_STEP_MOTOR_EVT ) //步进电机步进事件
   \                     ??Hal_ProcessEvent_7:
   \   000059   5410         ANL     A,#0x10
   \   00005B   6008         JZ      ??Hal_ProcessEvent_9
    264            {
    265              hal_step_motor_drive();
   \   00005D                ; Setup parameters for call to function hal_step_motor_drive
   \   00005D   12....       LCALL   ??hal_step_motor_drive?relay
    266              return (events ^ HAL_STEP_MOTOR_EVT);
   \   000060   EE           MOV     A,R6
   \   000061   6410         XRL     A,#0x10
   \   000063   80CD         SJMP    ??Hal_ProcessEvent_6
    267            } 
    268            
    269              if ( events & HAL_BODY_DETECT_EVT )  //人体检测事件
   \                     ??Hal_ProcessEvent_9:
   \   000065   EE           MOV     A,R6
   \   000066   5440         ANL     A,#0x40
   \   000068   6008         JZ      ??Hal_ProcessEvent_10
    270            {
    271              hal_body_detect_state_machine();  // 人体检测推理机
   \   00006A                ; Setup parameters for call to function hal_body_detect_state_machine
   \   00006A   12....       LCALL   ??hal_body_detect_state_machine?relay
    272              return (events ^ HAL_BODY_DETECT_EVT);
   \   00006D   EE           MOV     A,R6
   \   00006E   6440         XRL     A,#0x40
   \   000070   80C0         SJMP    ??Hal_ProcessEvent_6
    273            }  
    274            
    275            // 光敏电阻
    276            if ( events & HAL_LIGHT_DETECT_EVT ) {
   \                     ??Hal_ProcessEvent_10:
   \   000072   EF           MOV     A,R7
   \   000073   5401         ANL     A,#0x1
   \   000075   600A         JZ      ??Hal_ProcessEvent_11
    277              hal_light_detect_state_machine();
   \   000077                ; Setup parameters for call to function hal_light_detect_state_machine
   \   000077   12....       LCALL   ??hal_light_detect_state_machine?relay
    278              return (events ^ HAL_LIGHT_DETECT_EVT);
   \   00007A   EE           MOV     A,R6
   \   00007B   FA           MOV     R2,A
   \   00007C   EF           MOV     A,R7
   \   00007D   6401         XRL     A,#0x1
   \   00007F   80A2         SJMP    ??Hal_ProcessEvent_3
    279            }
    280            
    281              if ( events & HAL_LIGTH_DELAY_SCAN_EVT ) {
   \                     ??Hal_ProcessEvent_11:
   \   000081   EF           MOV     A,R7
   \   000082   5404         ANL     A,#0x4
   \   000084   600A         JZ      ??Hal_ProcessEvent_12
    282              hal_finish_light_event_process();
   \   000086                ; Setup parameters for call to function hal_finish_light_event_process
   \   000086   12....       LCALL   ??hal_finish_light_event_process?relay
    283              return (events ^ HAL_LIGTH_DELAY_SCAN_EVT);
   \   000089   EE           MOV     A,R6
   \   00008A   FA           MOV     R2,A
   \   00008B   EF           MOV     A,R7
   \   00008C   6404         XRL     A,#0x4
   \   00008E   8093         SJMP    ??Hal_ProcessEvent_3
    284            }
    285            // 开关切换
    286            if ( events & HAL_SWITCH_DETECT_EVT ) {
   \                     ??Hal_ProcessEvent_12:
   \   000090   EF           MOV     A,R7
   \   000091   5402         ANL     A,#0x2
   \   000093   600A         JZ      ??Hal_ProcessEvent_13
    287              hal_switch_detect_state_machine();
   \   000095                ; Setup parameters for call to function hal_switch_detect_state_machine
   \   000095   12....       LCALL   ??hal_switch_detect_state_machine?relay
    288              return (events ^ HAL_SWITCH_DETECT_EVT);
   \   000098   EE           MOV     A,R6
   \   000099   FA           MOV     R2,A
   \   00009A   EF           MOV     A,R7
   \   00009B   6402         XRL     A,#0x2
   \   00009D   8084         SJMP    ??Hal_ProcessEvent_3
    289            }
    290           
    291              if ( events & HAL_SCAN_DELAY_FINISH_EVT )  // 扫描延时结束事件
   \                     ??Hal_ProcessEvent_13:
   \   00009F   EE           MOV     A,R6
   \   0000A0   5480         ANL     A,#0x80
   \   0000A2   6008         JZ      ??Hal_ProcessEvent_14
    292            {
    293              hal_scan_delay_event_process();  // 延时结束事件处理
   \   0000A4                ; Setup parameters for call to function hal_scan_delay_event_process
   \   0000A4   12....       LCALL   ??hal_scan_delay_event_process?relay
    294              return (events ^ HAL_SCAN_DELAY_FINISH_EVT);
   \   0000A7   EE           MOV     A,R6
   \   0000A8   6480         XRL     A,#0x80
   \   0000AA   8086         SJMP    ??Hal_ProcessEvent_6
    295            }  
    296            
    297             if ( events & HAL_STEP_MOTOR_ROUND_TRIP_FINISH_EVT )
   \                     ??Hal_ProcessEvent_14:
   \   0000AC   EE           MOV     A,R6
   \   0000AD   5420         ANL     A,#0x20
   \   0000AF   6009         JZ      ??Hal_ProcessEvent_15
    298            {
    299              hal_auto_scan_event_process(); // 扫描结束后处理自动扫描事件
   \   0000B1                ; Setup parameters for call to function hal_auto_scan_event_process
   \   0000B1   12....       LCALL   ??hal_auto_scan_event_process?relay
    300              return (events ^ HAL_STEP_MOTOR_ROUND_TRIP_FINISH_EVT);
   \   0000B4   EE           MOV     A,R6
   \   0000B5   6420         XRL     A,#0x20
   \   0000B7   02....       LJMP    ??Hal_ProcessEvent_6 & 0xFFFF
    301            } 
    302            /* Nothing interested, discard the message */
    303            return 0;
   \                     ??Hal_ProcessEvent_15:
   \   0000BA   7A00         MOV     R2,#0x0
   \   0000BC   7B00         MOV     R3,#0x0
   \                     ??Hal_ProcessEvent_4:
   \   0000BE   7F02         MOV     R7,#0x2
   \   0000C0   02....       LJMP    ?BANKED_LEAVE_XDATA
    304          
    305          }
    306          
    307          /**************************************************************************************************
    308           * @fn      Hal_ProcessPoll
    309           *
    310           * @brief   This routine will be called by OSAL to poll UART, TIMER...
    311           *
    312           * @param   task_id - Hal TaskId
    313           *
    314           * @return  None
    315           **************************************************************************************************/

   \                                 In  segment BANKED_CODE, align 1, keep-with-next
    316          void Hal_ProcessPoll ()
   \                     Hal_ProcessPoll:
    317          {
   \   000000   C082         PUSH    DPL
   \   000002   C083         PUSH    DPH
   \   000004                ; Saved register size: 2
   \   000004                ; Auto size: 0
    318          
    319            /* Timer Poll */
    320          #if (defined HAL_TIMER) && (HAL_TIMER == TRUE)
    321            #error "The hal timer driver module is removed."
    322          #endif
    323          
    324            /* UART Poll */
    325          #if (defined HAL_UART) && (HAL_UART == TRUE)
    326            HalUARTPoll();
   \   000004                ; Setup parameters for call to function HalUARTPoll
   \   000004   12....       LCALL   ??HalUARTPoll?relay
    327          #endif  
    328          
    329            /* SPI Poll */
    330          #if (defined HAL_SPI) && (HAL_SPI == TRUE)
    331            HalSpiPoll();
    332          #endif
    333          
    334            /* HID poll */
    335          #if (defined HAL_HID) && (HAL_HID == TRUE)
    336            usbHidProcessEvents();
    337          #endif
    338            
    339          #if defined( POWER_SAVING )
    340            /* Allow sleep before the next OSAL event loop */
    341            ALLOW_SLEEP_MODE();
    342          #endif
    343          
    344          }
   \   000007   02....       LJMP    ?Subroutine0 & 0xFFFF

   \                                 In  segment BANK_RELAYS, align 1
   \                     ??Hal_Init?relay:
   \   000000   12....       LCALL   ?BDISPATCH
   \   000003   ......       DC24    Hal_Init

   \                                 In  segment BANK_RELAYS, align 1
   \                     ??HalDriverInit?relay:
   \   000000   12....       LCALL   ?BDISPATCH
   \   000003   ......       DC24    HalDriverInit

   \                                 In  segment BANK_RELAYS, align 1
   \                     ??Hal_ProcessEvent?relay:
   \   000000   12....       LCALL   ?BDISPATCH
   \   000003   ......       DC24    Hal_ProcessEvent

   \                                 In  segment BANK_RELAYS, align 1
   \                     ??Hal_ProcessPoll?relay:
   \   000000   12....       LCALL   ?BDISPATCH
   \   000003   ......       DC24    Hal_ProcessPoll
    345          
    346          
    347          /**************************************************************************************************
    348          **************************************************************************************************/
    349          

   Maximum stack usage in bytes:

     Function                       ISTACK PSTACK XSTACK
     --------                       ------ ------ ------
     HalDriverInit                      2      0      0
       -> HalAdcInit                    4      0      0
       -> HalDmaInit                    4      0      0
       -> HalAesInit                    4      0      0
       -> HalLcdInit                    4      0      0
       -> HalLedInit                    4      0      0
       -> HalUARTInit                   4      0      0
       -> HalKeyInit                    4      0      0
       -> hal_step_motor_init           4      0      0
       -> hal_body_detect_init          4      0      0
       -> hal_light_detect_init         4      0      0
       -> hal_switch_detect_init        4      0      0
     Hal_Init                           2      0      0
     Hal_ProcessEvent                   0      0     10
       -> osal_msg_receive              0      0     20
       -> osal_msg_deallocate           0      0     20
       -> osal_msg_receive              0      0     20
       -> HalLedUpdate                  0      0     20
       -> HalKeyPoll                    0      0     20
       -> osal_start_timerEx            0      0     20
       -> hal_step_motor_drive          0      0     20
       -> hal_body_detect_state_machine
                                        0      0     20
       -> hal_light_detect_state_machine
                                        0      0     20
       -> hal_finish_light_event_process
                                        0      0     20
       -> hal_switch_detect_state_machine
                                        0      0     20
       -> hal_scan_delay_event_process
                                        0      0     20
       -> hal_auto_scan_event_process
                                        0      0     20
     Hal_ProcessPoll                    2      0      0
       -> HalUARTPoll                   4      0      0


   Segment part sizes:

     Function/Label           Bytes
     --------------           -----
     Hal_TaskID                  1
     Hal_Init                    9
     ?Subroutine0                7
     HalDriverInit              39
     Hal_ProcessEvent          195
     Hal_ProcessPoll            10
     ??Hal_Init?relay            6
     ??HalDriverInit?relay       6
     ??Hal_ProcessEvent?relay    6
     ??Hal_ProcessPoll?relay     6

 
 260 bytes in segment BANKED_CODE
  24 bytes in segment BANK_RELAYS
   1 byte  in segment XDATA_Z
 
 284 bytes of CODE  memory
   1 byte  of XDATA memory

Errors: none
Warnings: none
